::1 - - [16/Aug/2026 15:46:59] "GET / HTTP/1.1" 200 -
::1 - - [16/Aug/2026 15:46:59] "GET /case-studies/commercial-pathways-lower-emissions-beef-2025/ HTTP/1.1" 200 -
::1 - - [16/Aug/2026 15:46:59] "GET /expertise/regenerative-agriculture/ HTTP/1.1" 200 -
::1 - - [16/Aug/2026 15:46:59] "GET /capabilities/strategy-and-innovation/ HTTP/1.1" 200 -
::1 - - [16/Aug/2026 15:48:10] "GET / HTTP/1.1" 200 -
::1 - - [16/Aug/2026 15:48:10] "GET /_astro/SiteLayout.C2jCN8cW.css HTTP/1.1" 200 -
::1 - - [16/Aug/2026 15:48:10] "GET /_astro/index.C1EXiSDf.css HTTP/1.1" 200 -
::1 - - [16/Aug/2026 15:48:10] "GET /images/live-site/hero-canyon.jpg HTTP/1.1" 200 -
::1 - - [16/Aug/2026 15:48:10] "GET /brand/logo-wordmark-dark.png HTTP/1.1" 200 -
::1 - - [16/Aug/2026 15:48:10] "GET /brand/star-mark.png HTTP/1.1" 200 -
::1 - - [16/Aug/2026 15:48:10] "GET /images/live-site/value-chain-diagram.png HTTP/1.1" 200 -
::1 - - [16/Aug/2026 15:48:10] "GET /images/live-site/logo-stacked.png HTTP/1.1" 200 -
::1 - - [16/Aug/2026 15:48:10] "GET /images/live-site/terranexus-slate-family-16x9-dark.png HTTP/1.1" 200 -
::1 - - [16/Aug/2026 15:48:10] "GET /brand/favicon-32.png HTTP/1.1" 200 -
::1 - - [16/Aug/2026 15:48:36] "GET /capabilities/strategy-and-innovation/ HTTP/1.1" 200 -
::1 - - [16/Aug/2026 15:48:47] "GET /digital-solutions/ HTTP/1.1" 200 -
::1 - - [16/Aug/2026 15:48:47] "GET /_astro/SiteLayout.C2jCN8cW.css HTTP/1.1" 304 -
::1 - - [16/Aug/2026 15:48:47] "GET /images/live-site/terranexus-terrain-family-16x9-dark.png HTTP/1.1" 200 -
::1 - - [16/Aug/2026 15:49:01] "GET /about/ HTTP/1.1" 200 -
::1 - - [16/Aug/2026 15:49:01] "GET /_astro/index.DKtWjNaw.css HTTP/1.1" 200 -
::1 - - [16/Aug/2026 15:49:13] "GET /capabilities HTTP/1.1" 301 -
::1 - - [16/Aug/2026 15:49:13] "GET /capabilities/ HTTP/1.1" 200 -
::1 - - [16/Aug/2026 15:49:27] "GET /expertise HTTP/1.1" 301 -
::1 - - [16/Aug/2026 15:49:27] "GET /expertise/ HTTP/1.1" 200 -
::1 - - [16/Aug/2026 15:49:27] "GET /_astro/SiteLayout.C2jCN8cW.css HTTP/1.1" 304 -
::1 - - [16/Aug/2026 15:49:38] "GET /expertise/regenerative-agriculture/ HTTP/1.1" 200 -
::1 - - [16/Aug/2026 15:49:38] "GET /_astro/ExpertisePage.DiuMgEau.css HTTP/1.1" 200 -
::1 - - [16/Aug/2026 15:49:54] "GET /case-studies HTTP/1.1" 301 -
::1 - - [16/Aug/2026 15:49:54] "GET /case-studies/ HTTP/1.1" 200 -
::1 - - [16/Aug/2026 15:50:08] "GET /case-studies/commercial-pathways-lower-emissions-beef-2025/ HTTP/1.1" 200 -
::1 - - [16/Aug/2026 15:50:08] "GET /_astro/_slug_.CVhE78pu.css HTTP/1.1" 200 -
::1 - - [16/Aug/2026 15:50:08] "GET /_astro/SiteLayout.C2jCN8cW.css HTTP/1.1" 304 -
::1 - - [16/Aug/2026 15:50:47] "GET / HTTP/1.1" 304 -
::1 - - [16/Aug/2026 15:50:47] "GET /_astro/index.C1EXiSDf.css HTTP/1.1" 304 -
::1 - - [16/Aug/2026 15:50:58] "GET /digital-solutions/ HTTP/1.1" 304 -
::1 - - [16/Aug/2026 15:50:58] "GET /_astro/SiteLayout.C2jCN8cW.css HTTP/1.1" 304 -
::1 - - [16/Aug/2026 15:51:08] "GET /about/ HTTP/1.1" 304 -
::1 - - [16/Aug/2026 15:51:08] "GET /_astro/index.DKtWjNaw.css HTTP/1.1" 304 -
::1 - - [16/Aug/2026 15:51:18] "GET /capabilities/ HTTP/1.1" 304 -
::1 - - [16/Aug/2026 15:51:29] "GET /capabilities/strategy-and-innovation/ HTTP/1.1" 304 -
::1 - - [16/Aug/2026 15:51:46] "GET /expertise/ HTTP/1.1" 304 -
::1 - - [16/Aug/2026 15:51:46] "GET /_astro/SiteLayout.C2jCN8cW.css HTTP/1.1" 304 -
::1 - - [16/Aug/2026 15:51:56] "GET /expertise/regenerative-agriculture/ HTTP/1.1" 304 -
::1 - - [16/Aug/2026 15:51:56] "GET /_astro/ExpertisePage.DiuMgEau.css HTTP/1.1" 304 -
::1 - - [16/Aug/2026 15:52:12] "GET /case-studies/ HTTP/1.1" 304 -
::1 - - [16/Aug/2026 15:52:22] "GET /case-studies/commercial-pathways-lower-emissions-beef-2025/ HTTP/1.1" 304 -
::1 - - [16/Aug/2026 15:52:22] "GET /_astro/_slug_.CVhE78pu.css HTTP/1.1" 304 -
::1 - - [16/Aug/2026 15:53:02] "GET / HTTP/1.1" 304 -
::1 - - [16/Aug/2026 15:53:02] "GET /_astro/SiteLayout.C2jCN8cW.css HTTP/1.1" 304 -
::1 - - [16/Aug/2026 15:53:02] "GET /_astro/index.C1EXiSDf.css HTTP/1.1" 304 -
::1 - - [16/Aug/2026 15:53:14] "GET /digital-solutions/ HTTP/1.1" 304 -
::1 - - [16/Aug/2026 15:53:24] "GET /about/ HTTP/1.1" 304 -
::1 - - [16/Aug/2026 15:53:24] "GET /_astro/index.DKtWjNaw.css HTTP/1.1" 304 -
::1 - - [16/Aug/2026 15:53:34] "GET /capabilities/ HTTP/1.1" 304 -
::1 - - [16/Aug/2026 15:53:43] "GET /capabilities/strategy-and-innovation/ HTTP/1.1" 304 -
::1 - - [16/Aug/2026 15:53:55] "GET /expertise/ HTTP/1.1" 304 -
::1 - - [16/Aug/2026 15:54:07] "GET /expertise/regenerative-agriculture/ HTTP/1.1" 304 -
::1 - - [16/Aug/2026 15:54:07] "GET /_astro/SiteLayout.C2jCN8cW.css HTTP/1.1" 304 -
::1 - - [16/Aug/2026 15:54:07] "GET /_astro/ExpertisePage.DiuMgEau.css HTTP/1.1" 304 -
::1 - - [16/Aug/2026 15:54:17] "GET /case-studies/ HTTP/1.1" 304 -
::1 - - [16/Aug/2026 15:54:27] "GET /case-studies/commercial-pathways-lower-emissions-beef-2025/ HTTP/1.1" 304 -
::1 - - [16/Aug/2026 15:54:27] "GET /_astro/_slug_.CVhE78pu.css HTTP/1.1" 304 -
::1 - - [16/Aug/2026 15:55:04] "GET / HTTP/1.1" 304 -
::1 - - [16/Aug/2026 15:55:04] "GET /_astro/index.C1EXiSDf.css HTTP/1.1" 304 -
::1 - - [16/Aug/2026 15:55:14] "GET /digital-solutions/ HTTP/1.1" 304 -
::1 - - [16/Aug/2026 15:55:14] "GET /_astro/SiteLayout.C2jCN8cW.css HTTP/1.1" 304 -
::1 - - [16/Aug/2026 15:55:25] "GET /about/ HTTP/1.1" 304 -
::1 - - [16/Aug/2026 15:55:25] "GET /_astro/index.DKtWjNaw.css HTTP/1.1" 304 -
::1 - - [16/Aug/2026 15:55:37] "GET /capabilities/ HTTP/1.1" 304 -
::1 - - [16/Aug/2026 15:55:47] "GET /capabilities/strategy-and-innovation/ HTTP/1.1" 304 -
::1 - - [16/Aug/2026 15:55:57] "GET /expertise/ HTTP/1.1" 304 -
::1 - - [16/Aug/2026 15:56:09] "GET /expertise/regenerative-agriculture/ HTTP/1.1" 304 -
::1 - - [16/Aug/2026 15:56:09] "GET /_astro/ExpertisePage.DiuMgEau.css HTTP/1.1" 304 -
::1 - - [16/Aug/2026 15:56:19] "GET /case-studies/ HTTP/1.1" 304 -
::1 - - [16/Aug/2026 15:56:29] "GET /case-studies/commercial-pathways-lower-emissions-beef-2025/ HTTP/1.1" 304 -
::1 - - [16/Aug/2026 15:56:29] "GET /_astro/_slug_.CVhE78pu.css HTTP/1.1" 304 -
::1 - - [16/Aug/2026 15:56:29] "GET /_astro/SiteLayout.C2jCN8cW.css HTTP/1.1" 304 -
::1 - - [16/Aug/2026 15:57:20] "GET /capabilities/strategy-and-innovation/ HTTP/1.1" 304 -
